Microsoft (R) Macro Assembler (x64) Version 14.33.31629.0   09/08/22 17:46:52
Asm1.asm						     Page 1 - 1


				.586P
Asm1.asm(1) : error A2008:syntax error : .
				.MODEL FLAT, STDCALL
Asm1.asm(2) : error A2008:syntax error : .
				includelib kernel32.lib

				ExitProcess PROTO : DWORD
				MessageBoxA PROTO : DWORD, : DWORD, : DWORD, : DWORD

				.STACK 4096
Asm1.asm(8) : error A2008:syntax error : .

 00000000			.CONST

 00000000			.DATA

 = 00000000			MB_OK	EQU 0
 00000000 54 45 53 54 00	STR1	DB "TEST", 0
 00000005 74 65 73 74 00	STR2	DB "test", 0
 0000000A 00000000		HW		DD ?

 00000000			.CODE

 00000000			main PROC
 00000000			START:
					
						INVOKE MessageBoxA, HW, OFFSET STR1, OFFSET STR2, MB_OK
Asm1.asm(24) : error A2008:syntax error : MessageBoxA

 00000000  6A FF				push - 1
 00000002  E8 00000000 E			call ExitProcess
 00000007			main ENDP

				end main
Microsoft (R) Macro Assembler (x64) Version 14.33.31629.0   09/08/22 17:46:52
Asm1.asm						     Symbols 2 - 1




Segments:

                N a m e                  Length   Align   Class

CONST  . . . . . . . . . . . . .	 00000000 16	  'CONST'	 ReadOnly


Procedures, parameters, and locals:

                N a m e                 Type     Value    Attr

ExitProcess  . . . . . . . . . .	P 	 00000000 Length= 00000000 External
MessageBoxA  . . . . . . . . . .	P 	 00000000 Length= 00000000 External
main . . . . . . . . . . . . . .	P 	 00000000 _TEXT	Length= 00000007 Public
  START  . . . . . . . . . . . .	L 	 00000000 _TEXT	


Symbols:

                N a m e                 Type     Value    Attr

HW . . . . . . . . . . . . . . .	DWord	 0000000A _DATA	
MB_OK  . . . . . . . . . . . . .	Number	 00000000h   
STR1 . . . . . . . . . . . . . .	Byte	 00000000 _DATA	
STR2 . . . . . . . . . . . . . .	Byte	 00000005 _DATA	

	   0 Warnings
	   6 Errors
