Microsoft (R) Macro Assembler Version 14.33.31629.0	    12/13/22 12:33:37
Asm3.asm						     Page 1 - 1


				.586P
				.MODEL FLAT, STDCALL
				includelib kernel32.lib

				ExitProcess PROTO : DWORD

				.STACK 4096

 00000000			.CONST

 00000000			.DATA

 00000000 10 20 30 40		myBytes BYTE 10h, 20h, 30h, 40h
 00000004 008A 003B 0044	myWords WORD 8Ah, 3Bh, 44h, 5Fh, 99h
	   005F 0099
 0000000E 00000001		myDoubles DWORD 1, 2, 3, 4, 5, 6
	   00000002
	   00000003
	   00000004
	   00000005
	   00000006
 00000026 0000000E R		myPointer DWORD myDoubles

 0000002A 000D 000C 001B	myArray DW 13, 12, 27, 0, 34, 62, 91
	   0000 0022 003E
	   005B

 00000000			.CODE

 00000000			main PROC
 00000000			START:

 00000000  B8 00000000				mov EAX, 0
 00000005  BB 00000000				mov EBX, 0
 0000000A  BE 00000004 R			mov ESI, OFFSET myWords
 0000000F  8A 66 04				mov AH, [ESI + 4]
 00000012  66| 8B 5E 02				mov BX, [ESI + 2]
						
 00000016  B8 00000000				mov EAX, 0
 0000001B  BE 0000002A R			mov ESI, OFFSET myArray
						
 00000020  BB 00000001				mov EBX, 1
 00000025  B9 00000007				mov ECX, 7
 0000002A			metka:
 0000002A  66| 03 06				add AX, [ESI]
 0000002D  66| BA 0001				mov DX, 1

						.IF DX == 0
 00000036  BB 00000000					mov EBX, 0
						.ENDIF
 0000003B  83 C6 02				add ESI, 2
 0000003E  E2 EA				LOOP metka

 00000040  6A FF				push - 1
 00000042  E8 00000000 E			call ExitProcess
 00000047			main ENDP

				end main
Microsoft (R) Macro Assembler Version 14.33.31629.0	    12/13/22 12:33:37
Asm3.asm						     Symbols 2 - 1




Segments and Groups:

                N a m e                 Size     Length   Align   Combine Class

CONST  . . . . . . . . . . . . .	32 Bit	 00000000 Para	  Public  'CONST'	 ReadOnly
FLAT . . . . . . . . . . . . . .	GROUP
STACK  . . . . . . . . . . . . .	32 Bit	 00001000 Para	  Stack	  'STACK'	 
_DATA  . . . . . . . . . . . . .	32 Bit	 00000038 Para	  Public  'DATA'	
_TEXT  . . . . . . . . . . . . .	32 Bit	 00000047 Para	  Public  'CODE'	


Procedures, parameters, and locals:

                N a m e                 Type     Value    Attr

ExitProcess  . . . . . . . . . .	P Near	 00000000 FLAT	Length= 00000000 External STDCALL
main . . . . . . . . . . . . . .	P Near	 00000000 _TEXT	Length= 00000047 Public STDCALL
  START  . . . . . . . . . . . .	L Near	 00000000 _TEXT	
  metka  . . . . . . . . . . . .	L Near	 0000002A _TEXT	


Symbols:

                N a m e                 Type     Value    Attr

@CodeSize  . . . . . . . . . . .	Number	 00000000h   
@DataSize  . . . . . . . . . . .	Number	 00000000h   
@Interface . . . . . . . . . . .	Number	 00000003h   
@Model . . . . . . . . . . . . .	Number	 00000007h   
@code  . . . . . . . . . . . . .	Text   	 _TEXT
@data  . . . . . . . . . . . . .	Text   	 FLAT
@fardata?  . . . . . . . . . . .	Text   	 FLAT
@fardata . . . . . . . . . . . .	Text   	 FLAT
@stack . . . . . . . . . . . . .	Text   	 FLAT
myArray  . . . . . . . . . . . .	Word	 0000002A _DATA	
myBytes  . . . . . . . . . . . .	Byte	 00000000 _DATA	
myDoubles  . . . . . . . . . . .	DWord	 0000000E _DATA	
myPointer  . . . . . . . . . . .	DWord	 00000026 _DATA	
myWords  . . . . . . . . . . . .	Word	 00000004 _DATA	

	   0 Warnings
	   0 Errors
